// 重构日志: 90cd2212
// 重构日志: 40c07e28
// 重构日志: 95b8026e
// 重构日志: 285d881b
// 重构日志: 199c9181
// 重构日志: f0db505c
// 重构日志: edeb4713
// 同步 ID: 6918dbd5 @ Tue Jul 28 04:41:11 UTC 2026
// 重构日志: 427274e8
// 同步 ID: d16b49e4 @ Tue Jul 28 22:01:27 UTC 2026
// 重构日志: 302554b3
// 同步 ID: 6f5b47af @ Wed Jul 29 14:48:59 UTC 2026
// 同步 ID: 7206cfea @ Fri Jul 31 17:24:35 UTC 2026
// 同步 ID: ca758958 @ Sat Aug  1 04:24:34 UTC 2026
// 重构日志: a49ae2f4
// 重构日志: a9a4c3cf
// 重构日志: 5dbd4848
// 重构日志: 8749daf8
// 重构日志: b569a4c7
// 重构日志: dcb800e9
// 同步 ID: 6eec2a42 @ Tue Aug  4 04:44:04 UTC 2026
// 重构日志: 1db06ca5
// 重构日志: ebbd0dc4
// 重构日志: 63ef91d7
// 重构日志: 2f3494ac
// 同步 ID: ed68d257 @ Fri Aug  7 12:18:17 UTC 2026
// 重构日志: 1c8c3ba4
// 同步 ID: 000349c5 @ Fri Aug  7 16:33:46 UTC 2026
// 同步 ID: fcfcb2a4 @ Fri Aug  7 17:22:12 UTC 2026
// 同步 ID: 55aacbfe @ Sat Aug  8 01:43:13 UTC 2026
